{
    "sarscov2 - bam - keep endo - stub": {
        "content": [
            {
                "0": [
                    [
                        {
                            "id": "test",
                            "single_end": false
                        },
                        "test_endo.endo.bam:md5,d41d8cd98f00b204e9800998ecf8427e"
                    ]
                ],
                "1": [
                    [
                        "BAM_SPLIT_BY_GENOME",
                        "samtools",
                        "1.21"
                    ]
                ],
                "bam": [
                    [
                        {
                            "id": "test",
                            "single_end": false
                        },
                        "test_endo.endo.bam:md5,d41d8cd98f00b204e9800998ecf8427e"
                    ]
                ],
                "versions_samtools": [
                    [
                        "BAM_SPLIT_BY_GENOME",
                        "samtools",
                        "1.21"
                    ]
                ]
            }
        ],
        "timestamp": "2026-07-09T13:20:28.680469179",
        "meta": {
            "nf-test": "0.9.5",
            "nextflow": "26.04.4"
        }
    },
    "sarscov2 - bam - keep endo": {
        "content": [
            [
                [
                    {
                        "id": "test",
                        "single_end": false
                    },
                    [
                        "test_endo.sarscov2.bam:readsMD5,894549ee3ced6b5ca2eed2563a985217"
                    ]
                ]
            ],
            {
                "versions_samtools": [
                    [
                        "BAM_SPLIT_BY_GENOME",
                        "samtools",
                        "1.21"
                    ]
                ]
            }
        ],
        "timestamp": "2026-09-24T10:02:56.782742068",
        "meta": {
            "nf-test": "0.9.5",
            "nextflow": "26.04.4"
        }
    },
    "sarscov2 - bam - keep exo": {
        "content": [
            [
                [
                    {
                        "id": "test",
                        "single_end": false
                    },
                    [
                        "test_exo.spikein.bam:readsMD5,d41d8cd98f00b204e9800998ecf8427e"
                    ]
                ]
            ],
            {
                "versions_samtools": [
                    [
                        "BAM_SPLIT_BY_GENOME",
                        "samtools",
                        "1.21"
                    ]
                ]
            }
        ],
        "timestamp": "2026-09-24T10:03:07.91907451",
        "meta": {
            "nf-test": "0.9.5",
            "nextflow": "26.04.4"
        }
    }
}